../Core/Src/ili9341.c:10:13:ILI9341_Reset	8	static
../Core/Src/ili9341.c:17:13:ILI9341_WriteCommand	16	static
../Core/Src/ili9341.c:21:13:ILI9341_WriteData	16	static
../Core/Src/ili9341.c:25:13:ILI9341_WriteDataMultiple	16	static
../Core/Src/ili9341.c:32:13:ILI9341_SetAddressWindow	24	static
../Core/Src/ili9341.c:53:6:ILI9341_Init	176	static
../Core/Src/ili9341.c:204:6:ILI9341_DrawPixel	16	static
../Core/Src/ili9341.c:228:13:ILI9341_WriteChar	40	static
../Core/Src/ili9341.c:247:6:ILI9341_WriteString	32	static
../Core/Src/ili9341.c:270:6:ILI9341_FillRectangle	24	static
../Core/Src/ili9341.c:285:6:ILI9341_FillScreen	24	static
../Core/Src/ili9341.c:289:6:ILI9341_DrawLine	40	static
../Core/Src/ili9341.c:344:6:ILI9341_DrawCircle	40	static
../Core/Src/ili9341.c:379:6:ILI9341_DrawFilledCircle	48	static
../Core/Src/ili9341.c:411:6:ILI9341_DrawTriangle	32	static
../Core/Src/ili9341.c:420:6:ILI9341_DrawFilledTriangle	64	static
../Core/Src/ili9341.c:481:6:ILI9341_DrawImage	24	static
../Core/Src/ili9341.c:490:6:ILI9341_InvertColors	16	static
../Core/Src/ili9341.c:494:6:ILI9341_Test	24	static
../Core/Src/ili9341.c:544:6:FPS_Test	120	static
